2026-01-29T10:49:26.151-03:00  INFO 14748 --- [delivery-api] [restartedMain] c.d.delivery.DeliveryApiApplication      : Starting DeliveryApiApplication using Java 21.0.9 with PID 14748 (C:\Users\apinheiro.EDUCACAO\OneDrive - Secretaria de Estado de Educação do Rio de Janeiro\Documentos\CURSO ARQUITETURA\delivery-api-ariadne-pinheiro\target\classes started by apinheiro in C:\Users\apinheiro.EDUCACAO\OneDrive - Secretaria de Estado de Educação do Rio de Janeiro\Documentos\CURSO ARQUITETURA\delivery-api-ariadne-pinheiro)
2026-01-29T10:49:26.155-03:00  INFO 14748 --- [delivery-api] [restartedMain] c.d.delivery.DeliveryApiApplication      : No active profile set, falling back to 1 default profile: "default"
2026-01-29T10:49:26.217-03:00  INFO 14748 --- [delivery-api] [restartedMain] .e.DevToolsPropertyDefaultsPostProcessor : Devtools property defaults active! Set 'spring.devtools.add-properties' to 'false' to disable
2026-01-29T10:49:26.218-03:00  INFO 14748 --- [delivery-api] [restartedMain] .e.DevToolsPropertyDefaultsPostProcessor : For additional web related logging consider setting the 'logging.level.web' property to 'DEBUG'
2026-01-29T10:49:27.174-03:00  INFO 14748 --- [delivery-api] [restartedMain] .s.d.r.c.RepositoryConfigurationDelegate : Bootstrapping Spring Data JPA repositories in DEFAULT mode.
2026-01-29T10:49:27.270-03:00  INFO 14748 --- [delivery-api] [restartedMain] .s.d.r.c.RepositoryConfigurationDelegate : Finished Spring Data repository scanning in 81 ms. Found 5 JPA repository interfaces.
2026-01-29T10:49:28.132-03:00  INFO 14748 --- [delivery-api] [restartedMain] o.s.b.w.embedded.tomcat.TomcatWebServer  : Tomcat initialized with port 8080 (http)
2026-01-29T10:49:28.156-03:00  INFO 14748 --- [delivery-api] [restartedMain] o.apache.catalina.core.StandardService   : Starting service [Tomcat]
2026-01-29T10:49:28.156-03:00  INFO 14748 --- [delivery-api] [restartedMain] o.apache.catalina.core.StandardEngine    : Starting Servlet engine: [Apache Tomcat/10.1.50]
2026-01-29T10:49:28.218-03:00  INFO 14748 --- [delivery-api] [restartedMain] o.a.c.c.C.[Tomcat].[localhost].[/]       : Initializing Spring embedded WebApplicationContext
2026-01-29T10:49:28.218-03:00  INFO 14748 --- [delivery-api] [restartedMain] w.s.c.ServletWebServerApplicationContext : Root WebApplicationContext: initialization completed in 2000 ms
2026-01-29T10:49:28.482-03:00  INFO 14748 --- [delivery-api] [restartedMain] o.hibernate.jpa.internal.util.LogHelper  : HHH000204: Processing PersistenceUnitInfo [name: default]
2026-01-29T10:49:28.599-03:00  INFO 14748 --- [delivery-api] [restartedMain] org.hibernate.Version                    : HHH000412: Hibernate ORM core version 6.6.41.Final
2026-01-29T10:49:28.645-03:00  INFO 14748 --- [delivery-api] [restartedMain] o.h.c.internal.RegionFactoryInitiator    : HHH000026: Second-level cache disabled
2026-01-29T10:49:29.002-03:00  INFO 14748 --- [delivery-api] [restartedMain] o.s.o.j.p.SpringPersistenceUnitInfo      : No LoadTimeWeaver setup: ignoring JPA class transformer
2026-01-29T10:49:29.042-03:00  INFO 14748 --- [delivery-api] [restartedMain] com.zaxxer.hikari.HikariDataSource       : HikariPool-1 - Starting...
2026-01-29T10:49:29.292-03:00  INFO 14748 --- [delivery-api] [restartedMain] com.zaxxer.hikari.pool.HikariPool        : HikariPool-1 - Added connection conn0: url=jdbc:h2:mem:teste user=SA
2026-01-29T10:49:29.295-03:00  INFO 14748 --- [delivery-api] [restartedMain] com.zaxxer.hikari.HikariDataSource       : HikariPool-1 - Start completed.
2026-01-29T10:49:29.340-03:00  WARN 14748 --- [delivery-api] [restartedMain] org.hibernate.orm.deprecation            : HHH90000025: H2Dialect does not need to be specified explicitly using 'hibernate.dialect' (remove the property setting and it will be selected by default)
2026-01-29T10:49:29.372-03:00  INFO 14748 --- [delivery-api] [restartedMain] org.hibernate.orm.connections.pooling    : HHH10001005: Database info:
	Database JDBC URL [Connecting through datasource 'HikariDataSource (HikariPool-1)']
	Database driver: undefined/unknown
	Database version: 2.3.232
	Autocommit mode: undefined/unknown
	Isolation level: undefined/unknown
	Minimum pool size: undefined/unknown
	Maximum pool size: undefined/unknown
2026-01-29T10:49:30.390-03:00  INFO 14748 --- [delivery-api] [restartedMain] o.h.e.t.j.p.i.JtaPlatformInitiator       : HHH000489: No JTA platform available (set 'hibernate.transaction.jta.platform' to enable JTA platform integration)
2026-01-29T10:49:30.463-03:00  INFO 14748 --- [delivery-api] [restartedMain] j.LocalContainerEntityManagerFactoryBean : Initialized JPA EntityManagerFactory for persistence unit 'default'
2026-01-29T10:49:30.956-03:00  INFO 14748 --- [delivery-api] [restartedMain] o.s.d.j.r.query.QueryEnhancerFactory     : Hibernate is in classpath; If applicable, HQL parser will be used.
2026-01-29T10:49:31.840-03:00 DEBUG 14748 --- [delivery-api] [restartedMain] s.w.s.m.m.a.RequestMappingHandlerMapping : 22 mappings in 'requestMappingHandlerMapping'
2026-01-29T10:49:31.938-03:00 DEBUG 14748 --- [delivery-api] [restartedMain] o.s.w.s.handler.SimpleUrlHandlerMapping  : Patterns [/webjars/**, /**] in 'resourceHandlerMapping'
2026-01-29T10:49:31.968-03:00 DEBUG 14748 --- [delivery-api] [restartedMain] s.w.s.m.m.a.RequestMappingHandlerAdapter : ControllerAdvice beans: 0 @ModelAttribute, 0 @InitBinder, 1 RequestBodyAdvice, 1 ResponseBodyAdvice
2026-01-29T10:49:32.028-03:00 DEBUG 14748 --- [delivery-api] [restartedMain] .m.m.a.ExceptionHandlerExceptionResolver : ControllerAdvice beans: 0 @ExceptionHandler, 1 ResponseBodyAdvice
2026-01-29T10:49:32.065-03:00  INFO 14748 --- [delivery-api] [restartedMain] o.s.b.a.h2.H2ConsoleAutoConfiguration    : H2 console available at '/h2-console'. Database available at 'jdbc:h2:mem:teste'
2026-01-29T10:49:32.174-03:00  INFO 14748 --- [delivery-api] [restartedMain] o.s.b.d.a.OptionalLiveReloadServer       : LiveReload server is running on port 35729
2026-01-29T10:49:32.215-03:00  INFO 14748 --- [delivery-api] [restartedMain] o.s.b.w.embedded.tomcat.TomcatWebServer  : Tomcat started on port 8080 (http) with context path '/'
2026-01-29T10:49:32.226-03:00  INFO 14748 --- [delivery-api] [restartedMain] c.d.delivery.DeliveryApiApplication      : Started DeliveryApiApplication in 6.629 seconds (process running for 7.063)
